// Vitest Snapshot v1, https://vitest.dev/guide/snapshot.html

exports[`BaseSwitch.vue > render correctly 1`] = `"<div data-v-c3331bcf="" class="flex flex-col-reverse justify-between"><input data-v-c3331bcf="" id="test-id" type="checkbox" role="switch" class="toggle" aria-checked="false"><label data-v-c3331bcf="" for="test-id">Test Label</label></div>"`;

exports[`BaseSwitch.vue > renders correctly 1`] = `"<div data-v-c3331bcf="" class="flex flex-col-reverse justify-between"><input data-v-c3331bcf="" id="test-id" type="checkbox" role="switch" class="toggle" aria-checked="false"><label data-v-c3331bcf="" for="test-id">Test Label</label></div>"`;
