// Vitest Snapshot v1, https://vitest.dev/guide/snapshot.html

exports[`BaseCopyButton > render correctly 1`] = `
"<button data-v-ccb536f5="" class="h-[2rem] w-[2rem] font-semibold text-white rounded-full bg-green hover:bg-green-300" aria-label="Copy to clipboard">
  <transition-stub data-v-ccb536f5="" name="fade" mode="out-in" appear="false" persisted="false" css="true"><svg data-v-ccb536f5="" class="svg-inline--fa fa-copy" aria-hidden="true" focusable="false" data-prefix="fas" data-icon="copy" role="img" xmlns="http://www.w3.org/2000/svg" viewBox="0 0 448 512">
      <path class="" fill="currentColor" d="M208 0H332.1c12.7 0 24.9 5.1 33.9 14.1l67.9 67.9c9 9 14.1 21.2 14.1 33.9V336c0 26.5-21.5 48-48 48H208c-26.5 0-48-21.5-48-48V48c0-26.5 21.5-48 48-48zM48 128h80v64H64V448H256V416h64v48c0 26.5-21.5 48-48 48H48c-26.5 0-48-21.5-48-48V176c0-26.5 21.5-48 48-48z"></path>
    </svg></transition-stub>
  <!--v-if-->
</button>"
`;
