// Vitest Snapshot v1, https://vitest.dev/guide/snapshot.html

exports[`BaseButton > render correctly 1`] = `"<button class="relative bg-green hover:bg-green-300 disabled:pointer-events-none disabled:bg-grey-200 disabled:shadow-solid-shadow-grey disabled:border-grey-300 disabled:text-grey-400 active:shadow-none active:top-[0.15rem] focus-visible:outline-0 focus-visible:border-green-800  focus:bg-green-300 focus:border-green-800 focus:outline-0 text-white border shadow-solid-shadow-green border-green-800 font-semibold rounded-full lg:px-32 lg:py-16 px-16 py-8" type="button"></button>"`;
